Microchip MPLAB XC8 Compiler V2.36

Linker command line:

-W-3 --edf=C:\Program Files\Microchip\xc8\v2.36\pic\dat\en_msgs.txt \
  -pivt0x8=08h -cn -h+dist/default/production\ws_leds.production.sym \
  --cmf=dist/default/production\ws_leds.production.cmf -z -Q18F46K42 \
  -oC:\Users\m91221\AppData\Local\Temp\xcAs5ds.4 --defsym=__MPLAB_BUILD=1 \
  -Mdist/default/production/ws_leds.production.map \
  --md=C:\Users\m91221\AppData\Local\Temp\xcAs5ds.dat -E1 -ver=XC8 Compiler \
  --acfsm=1493 -ACODE=00h-0FFFFh -ACONST=00h-0FFFFh \
  -ASMALLCONST=01000h-010FFhx240 -AMEDIUMCONST=01000h-0FFFFh \
  -ACOMRAM=01h-05Fh -AABS1=00h-0FFFh -ABIGRAM=01h-0FFFh \
  -ARAM=060h-0FFh,0100h-01FFhx15 -ABANK0=060h-0FFh -ABANK1=0100h-01FFh \
  -ABANK2=0200h-02FFh -ABANK3=0300h-03FFh -ABANK4=0400h-04FFh \
  -ABANK5=0500h-05FFh -ABANK6=0600h-06FFh -ABANK7=0700h-07FFh \
  -ABANK8=0800h-08FFh -ABANK9=0900h-09FFh -ABANK10=0A00h-0AFFh \
  -ABANK11=0B00h-0BFFh -ABANK12=0C00h-0CFFh -ABANK13=0D00h-0DFFh \
  -ABANK14=0E00h-0EFFh -ABANK15=0F00h-0FFFh \
  -ASFR=03800h-038FFhx7,03F00h-03F5Fh,03F60h-03FFFh -ABIGSFR=03800h-03FFFh \
  -ACONFIG=0300000h-0300009h -AIDLOC=0200000h-020000Fh \
  -AEEDATA=0310000h-03103FFh -peeprom_data=EEDATA -preset_vec=00h \
  -ppowerup=CODE,init -pramtop=01000h -psmallconst=SMALLCONST \
  -pmediumconst=MEDIUMCONST -pconst=CONST -AFARRAM=00h-00h \
  -prdata=COMRAM,nvrram=COMRAM,nvbit=COMRAM,rbss=COMRAM,rbit=COMRAM \
  -pfarbss=FARRAM,fardata=FARRAM,nvFARRAM=FARRAM \
  -pintsave_regs=BIGRAM,bigbss=BIGRAM,bigdata=BIGRAM -pbss=RAM \
  -pidata=CODE,irdata=CODE,ibigdata=CODE,ifardata=CODE -prparam=COMRAM \
  C:\Users\m91221\AppData\Local\Temp\xcAs5ds.o \
  dist/default/production\ws_leds.production.o 

Object code version is 3.11

Machine type is 18F46K42



                Name                               Link     Load   Length Selector   Space Scale
C:\Users\m91221\AppData\Local\Temp\xcAs5ds.o
                idloc                            200000   200000       10        0       5
                config                           300000   300000        A        0       4
                init                                 1A       1A        4        4       0
                reset_vec                             0        0        4        0       0
dist/default/production\ws_leds.production.o
                idloc                            200000   200000       10        0       5
                config                           300000   300000        A        0       4
                smallconst                         1000     1000        8      800       0
                ivt0x8                                8        8       12        4       0
                text19                             1810     1810       2A      804       0
                text18                             146A     146A      102      804       0
                text17                             172E     172E       30      804       0
                text16                             16F2     16F2       3C      804       0
                text15                             17E4     17E4       2C      804       0
                text14                             18EA     18EA        A      804       0
                text13                             156C     156C       A6      804       0
                text12                             18F4     18F4        4      804       0
                text11                             18AE     18AE       18      804       0
                text10                             1612     1612       A2      804       0
                text9                              183A     183A       24      804       0
                text8                              1896     1896       18      804       0
                text7                              187C     187C       1A      804       0
                text6                              18DC     18DC        E      804       0
                text5                              18C6     18C6       16      804       0
                text4                              185E     185E       1E      804       0
                text3                              175E     175E       2E      804       0
                text2                              17B8     17B8       2C      804       0
                text1                              178C     178C       2C      804       0
                text0                              1008     1008      462      804       0
                cstackCOMRAM                         40       40       10        1       1
                cstackBANK0                          6A       6A        9       60       1
                bssBIGRAM                            73       73      2D0       73       1
                bssBANK0                             60       60        A       60       1
                bssCOMRAM                             1        1       3F        1       1
                cinit                              16B4     16B4       3E      804       0
                nvCOMRAM                             50       50        2        1       1

TOTAL           Name                               Link     Load   Length     Space
        CLASS   CODE           
                init                                 1A       1A        4         0
                reset_vec                             0        0        4         0
                ivt0x8                                8        8       12         0
                text19                             1810     1810       2A         0
                text18                             146A     146A      102         0
                text17                             172E     172E       30         0
                text16                             16F2     16F2       3C         0
                text15                             17E4     17E4       2C         0
                text14                             18EA     18EA        A         0
                text13                             156C     156C       A6         0
                text12                             18F4     18F4        4         0
                text11                             18AE     18AE       18         0
                text10                             1612     1612       A2         0
                text9                              183A     183A       24         0
                text8                              1896     1896       18         0
                text7                              187C     187C       1A         0
                text6                              18DC     18DC        E         0
                text5                              18C6     18C6       16         0
                text4                              185E     185E       1E         0
                text3                              175E     175E       2E         0
                text2                              17B8     17B8       2C         0
                text1                              178C     178C       2C         0
                text0                              1008     1008      462         0
                cinit                              16B4     16B4       3E         0

        CLASS   CONST          

        CLASS   SMALLCONST     
                smallconst                         1000     1000        8         0

        CLASS   MEDIUMCONST    

        CLASS   COMRAM         
                cstackCOMRAM                         40       40       10         1
                bssCOMRAM                             1        1       3F         1
                nvCOMRAM                             50       50        2         1

        CLASS   ABS1           

        CLASS   BIGRAM         
                bssBIGRAM                            73       73      2D0         1

        CLASS   RAM            

        CLASS   BANK0          
                cstackBANK0                          6A       6A        9         1
                bssBANK0                             60       60        A         1

        CLASS   BANK1          

        CLASS   BANK2          

        CLASS   BANK3          

        CLASS   BANK4          

        CLASS   BANK5          

        CLASS   BANK6          

        CLASS   BANK7          

        CLASS   BANK8          

        CLASS   BANK9          

        CLASS   BANK10         

        CLASS   BANK11         

        CLASS   BANK12         

        CLASS   BANK13         

        CLASS   BANK14         

        CLASS   BANK15         

        CLASS   SFR            

        CLASS   BIGSFR         

        CLASS   CONFIG         
                config                           300000   300000        A         4

        CLASS   IDLOC          
                idloc                            200000   200000       10         5

        CLASS   EEDATA         

        CLASS   FARRAM         

        CLASS   HEAP           

        CLASS   STACK          



SEGMENTS        Name                           Load    Length   Top    Selector   Space  Class

                reset_vec                      000000  000004  000004         0       0  CODE    
                bssCOMRAM                      000001  000051  000052         1       1  COMRAM  
                ivt0x8                         000008  000016  00001E         4       0  CODE    
                bssBANK0                       000060  000013  000073        60       1  BANK0   
                bssBIGRAM                      000073  0002D0  000343        73       1  BIGRAM  
                smallconst                     001000  000008  001008       800       0  SMALLCON
                text0                          001008  0008F0  0018F8       804       0  CODE    


UNUSED ADDRESS RANGES

        Name                Unused          Largest block    Delta
        BANK10           000A00-000AFF              100
        BANK11           000B00-000BFF              100
        BANK12           000C00-000CFF              100
        BANK13           000D00-000DFF              100
        BANK14           000E00-000EFF              100
        BANK15           000F00-000FFF              100
        BANK3            000343-0003FF               BD
        BANK4            000400-0004FF              100
        BANK5            000500-0005FF              100
        BANK6            000600-0006FF              100
        BANK7            000700-0007FF              100
        BANK8            000800-0008FF              100
        BANK9            000900-0009FF              100
        BIGRAM           000052-00005F                E
                         000343-000FFF              CBD
        BIGSFR           003800-003FFF              800
        CODE             000004-000007                4
                         00001E-000FFF              FE2
                         0018F8-00FFFF             E708
        COMRAM           000052-00005F                E
        CONST            000004-000007                4
                         00001E-000FFF              FE2
                         0018F8-00FFFF             E708
        EEDATA           310000-3103FF              400
        MEDIUMCONST      0018F8-00FFFF             E708
        RAM              000343-000FFF              100
        SFR              003800-003FFF              100
        SMALLCONST       0018F8-00FFFF              100

                                  Symbol Table

?___wmul                                       cstackBANK0  00006A
?i2___wmul                                     cstackCOMRAM 000040
DMA1_DefaultInterruptHandler@check             cstackCOMRAM 000048
DMA1_DefaultInterruptHandler@dma_size          cstackCOMRAM 00004A
DMA1_DefaultInterruptHandler@led_index         bssCOMRAM    000039
DMA1_SetSCNTIInterruptHandler@InterruptHandler cstackCOMRAM 00004E
IVTBASEH                                       (abs)        003FD6
IVTBASEL                                       (abs)        003FD5
IVTBASEU                                       (abs)        003FD7
TMR2_HasOverflowOccured@status                 cstackCOMRAM 00004E
_ANSELA                                        (abs)        003A40
_ANSELB                                        (abs)        003A50
_ANSELC                                        (abs)        003A60
_ANSELD                                        (abs)        003A70
_ANSELE                                        (abs)        003A80
_Ball_1                                        bssCOMRAM    000019
_Ball_2                                        bssCOMRAM    00000D
_Ball_3                                        bssCOMRAM    000001
_CCPTMRS1bits                                  (abs)        003F5F
_CLC2CON                                       (abs)        003C6A
_CLC2GLS0                                      (abs)        003C70
_CLC2GLS1                                      (abs)        003C71
_CLC2GLS2                                      (abs)        003C72
_CLC2GLS3                                      (abs)        003C73
_CLC2POL                                       (abs)        003C6B
_CLC2SEL0                                      (abs)        003C6C
_CLC2SEL1                                      (abs)        003C6D
_CLC2SEL2                                      (abs)        003C6E
_CLC2SEL3                                      (abs)        003C6F
_CLC2_Initialize                               text15       0017E4
_CLCIN0PPS                                     (abs)        003AD9
_DMA1AIRQ                                      (abs)        003BFE
_DMA1CON0                                      (abs)        003BFC
_DMA1CON0bits                                  (abs)        003BFC
_DMA1CON1bits                                  (abs)        003BFD
_DMA1DSA                                       (abs)        003BF0
_DMA1DSZ                                       (abs)        003BEE
_DMA1PR                                        (abs)        0039F3
_DMA1SIRQ                                      (abs)        003BFF
_DMA1SSA                                       (abs)        003BF9
_DMA1SSZ                                       (abs)        003BF7
_DMA1_DMASCNTI_ISR                             text17       00172E
_DMA1_DefaultInterruptHandler                  text18       00146A
_DMA1_Initialize                               text13       00156C
_DMA1_SCNTI_InterruptHandler                   nvCOMRAM     000050
_DMA1_SetSCNTIInterruptHandler                 text14       0018EA
_DMA2PR                                        (abs)        0039F4
_DstVarName0                                   bssBANK0     000060
_INLVLA                                        (abs)        003A44
_INLVLB                                        (abs)        003A54
_INLVLC                                        (abs)        003A64
_INLVLD                                        (abs)        003A74
_INLVLE                                        (abs)        003A84
_INTCON0bits                                   (abs)        003FD2
_INTERRUPT_Initialize                          text12       0018F4
_INTERRUPT_InterruptManager                    text16       0016F2
_ISRPR                                         (abs)        0039F1
_LATA                                          (abs)        003FBA
_LATB                                          (abs)        003FBB
_LATC                                          (abs)        003FBC
_LATCbits                                      (abs)        003FBC
_LATD                                          (abs)        003FBD
_LATE                                          (abs)        003FBE
_MAINPR                                        (abs)        0039F2
_ODCONA                                        (abs)        003A42
_ODCONB                                        (abs)        003A52
_ODCONC                                        (abs)        003A62
_ODCOND                                        (abs)        003A72
_ODCONE                                        (abs)        003A82
_OSCCON1                                       (abs)        0039D9
_OSCCON3                                       (abs)        0039DB
_OSCEN                                         (abs)        0039DD
_OSCFRQ                                        (abs)        0039DF
_OSCILLATOR_Initialize                         text11       0018AE
_OSCTUNE                                       (abs)        0039DE
_PIE2bits                                      (abs)        003992
_PIN_MANAGER_Initialize                        text10       001612
_PIR2bits                                      (abs)        0039A2
_PIR3bits                                      (abs)        0039A3
_PIR4bits                                      (abs)        0039A4
_PMD0                                          (abs)        0039C0
_PMD1                                          (abs)        0039C1
_PMD2                                          (abs)        0039C2
_PMD3                                          (abs)        0039C3
_PMD4                                          (abs)        0039C4
_PMD5                                          (abs)        0039C5
_PMD6                                          (abs)        0039C6
_PMD7                                          (abs)        0039C7
_PMD_Initialize                                text9        00183A
_PRLOCK                                        (abs)        0039EF
_PRLOCKbits                                    (abs)        0039EF
_PWM5CON                                       (abs)        003F6E
_PWM5DCH                                       (abs)        003F6D
_PWM5DCL                                       (abs)        003F6C
_PWM5_Initialize                               text8        001896
_RB1I2C                                        (abs)        003A5A
_RB2I2C                                        (abs)        003A5B
_RC0PPS                                        (abs)        003A10
_RC3I2C                                        (abs)        003A6A
_RC3PPS                                        (abs)        003A13
_RC4I2C                                        (abs)        003A6B
_RD0I2C                                        (abs)        003A7A
_RD1I2C                                        (abs)        003A7B
_SCANPR                                        (abs)        0039F7
_SLRCONA                                       (abs)        003A43
_SLRCONB                                       (abs)        003A53
_SLRCONC                                       (abs)        003A63
_SLRCOND                                       (abs)        003A73
_SLRCONE                                       (abs)        003A83
_SPI1BAUD                                      (abs)        003D19
_SPI1CLK                                       (abs)        003D1C
_SPI1CON0                                      (abs)        003D14
_SPI1CON1                                      (abs)        003D15
_SPI1CON2                                      (abs)        003D16
_SPI1INTFbits                                  (abs)        003D1A
_SPI1SCKPPS                                    (abs)        003ADE
_SPI1SDIPPS                                    (abs)        003ADF
_SPI1TXB                                       (abs)        003D11
_SPI1_Initialize                               text7        00187C
_SYSTEM_Initialize                             text3        00175E
_SrcVarName0                                   bssCOMRAM    000025
_Stripe                                        bssBIGRAM    000073
_SystemArbiter_Initialize                      text6        0018DC
_T0CON0                                        (abs)        003FB8
_T0CON1                                        (abs)        003FB9
_T2CLKCON                                      (abs)        003FAE
_T2CON                                         (abs)        003FAC
_T2HLT                                         (abs)        003FAD
_T2PR                                          (abs)        003FAB
_T2RST                                         (abs)        003FAF
_T2TMR                                         (abs)        003FAA
_TMR0H                                         (abs)        003FB7
_TMR0L                                         (abs)        003FB6
_TMR0_Initialize                               text5        0018C6
_TMR2_HasOverflowOccured                       text2        0017B8
_TMR2_Initialize                               text4        00185E
_TRISA                                         (abs)        003FC2
_TRISB                                         (abs)        003FC3
_TRISC                                         (abs)        003FC4
_TRISCbits                                     (abs)        003FC4
_TRISD                                         (abs)        003FC5
_TRISE                                         (abs)        003FC6
_WPUA                                          (abs)        003A41
_WPUB                                          (abs)        003A51
_WPUC                                          (abs)        003A61
_WPUD                                          (abs)        003A71
_WPUE                                          (abs)        003A81
__HRAM                                         (abs)        000000
__Habs1                                        abs1         000000
__Hbank0                                       bank0        000000
__Hbank1                                       bank1        000000
__Hbank10                                      bank10       000000
__Hbank11                                      bank11       000000
__Hbank12                                      bank12       000000
__Hbank13                                      bank13       000000
__Hbank14                                      bank14       000000
__Hbank15                                      bank15       000000
__Hbank2                                       bank2        000000
__Hbank3                                       bank3        000000
__Hbank4                                       bank4        000000
__Hbank5                                       bank5        000000
__Hbank6                                       bank6        000000
__Hbank7                                       bank7        000000
__Hbank8                                       bank8        000000
__Hbank9                                       bank9        000000
__Hbigbss                                      bigbss       000000
__Hbigdata                                     bigdata      000000
__Hbigram                                      bigram       000000
__Hbigsfr                                      bigsfr       000000
__Hbss                                         bss          000000
__HbssBANK0                                    bssBANK0     000000
__HbssBIGRAM                                   bssBIGRAM    000000
__HbssCOMRAM                                   bssCOMRAM    000000
__Hcinit                                       cinit        000000
__Hclrtext                                     clrtext      000000
__Hcomram                                      comram       000000
__Hconfig                                      config       30000A
__Hconst                                       const        000000
__HcstackBANK0                                 cstackBANK0  000000
__HcstackCOMRAM                                cstackCOMRAM 000000
__Hdata                                        data         000000
__Heeprom_data                                 eeprom_data  000000
__Hfarbss                                      farbss       000000
__Hfardata                                     fardata      000000
__Hheap                                        heap         000000
__Hibigdata                                    ibigdata     000000
__Hidata                                       idata        000000
__Hidloc                                       idloc        200010
__Hifardata                                    ifardata     000000
__Hinit                                        init         00001E
__Hintsave_regs                                intsave_regs 000000
__Hirdata                                      irdata       000000
__Hivt0x8                                      ivt0x8       00001A
__Hmediumconst                                 mediumconst  000000
__HnvCOMRAM                                    nvCOMRAM     000000
__HnvFARRAM                                    nvFARRAM     000000
__Hnvbit                                       nvbit        000000
__Hnvrram                                      nvrram       000000
__Hparam                                       rparam       000000
__Hpowerup                                     powerup      000000
__Hram                                         ram          000000
__Hramtop                                      ramtop       001000
__Hrbit                                        rbit         000000
__Hrbss                                        rbss         000000
__Hrdata                                       rdata        000000
__Hreset_vec                                   reset_vec    000004
__Hrparam                                      rparam       000000
__Hsfr                                         sfr          000000
__Hsmallconst                                  smallconst   001008
__Hspace_0                                     (abs)        0018F8
__Hspace_1                                     (abs)        000343
__Hspace_2                                     (abs)        000000
__Hspace_4                                     (abs)        60000A
__Hstack                                       stack        000000
__Hstruct                                      struct       000000
__Htemp                                        temp         000000
__Htext                                        text         000000
__Htext0                                       text0        000000
__Htext1                                       text1        000000
__Htext10                                      text10       000000
__Htext11                                      text11       000000
__Htext12                                      text12       000000
__Htext13                                      text13       000000
__Htext14                                      text14       000000
__Htext15                                      text15       000000
__Htext16                                      text16       000000
__Htext17                                      text17       000000
__Htext18                                      text18       000000
__Htext19                                      text19       000000
__Htext2                                       text2        000000
__Htext20                                      text20       000000
__Htext3                                       text3        000000
__Htext4                                       text4        000000
__Htext5                                       text5        000000
__Htext6                                       text6        000000
__Htext7                                       text7        000000
__Htext8                                       text8        000000
__Htext9                                       text9        000000
__LRAM                                         (abs)        000001
__Labs1                                        abs1         000000
__Lbank0                                       bank0        000000
__Lbank1                                       bank1        000000
__Lbank10                                      bank10       000000
__Lbank11                                      bank11       000000
__Lbank12                                      bank12       000000
__Lbank13                                      bank13       000000
__Lbank14                                      bank14       000000
__Lbank15                                      bank15       000000
__Lbank2                                       bank2        000000
__Lbank3                                       bank3        000000
__Lbank4                                       bank4        000000
__Lbank5                                       bank5        000000
__Lbank6                                       bank6        000000
__Lbank7                                       bank7        000000
__Lbank8                                       bank8        000000
__Lbank9                                       bank9        000000
__Lbigbss                                      bigbss       000000
__Lbigdata                                     bigdata      000000
__Lbigram                                      bigram       000000
__Lbigsfr                                      bigsfr       000000
__Lbss                                         bss          000000
__LbssBANK0                                    bssBANK0     000000
__LbssBIGRAM                                   bssBIGRAM    000000
__LbssCOMRAM                                   bssCOMRAM    000000
__Lcinit                                       cinit        000000
__Lclrtext                                     clrtext      000000
__Lcomram                                      comram       000000
__Lconfig                                      config       000000
__Lconst                                       const        000000
__LcstackBANK0                                 cstackBANK0  000000
__LcstackCOMRAM                                cstackCOMRAM 000000
__Ldata                                        data         000000
__Leeprom_data                                 eeprom_data  000000
__Lfarbss                                      farbss       000000
__Lfardata                                     fardata      000000
__Lheap                                        heap         000000
__Libigdata                                    ibigdata     000000
__Lidata                                       idata        000000
__Lidloc                                       idloc        000000
__Lifardata                                    ifardata     000000
__Linit                                        init         00001A
__Lintsave_regs                                intsave_regs 000000
__Lirdata                                      irdata       000000
__Livt0x8                                      ivt0x8       000008
__Lmediumconst                                 mediumconst  000000
__LnvCOMRAM                                    nvCOMRAM     000000
__LnvFARRAM                                    nvFARRAM     000000
__Lnvbit                                       nvbit        000000
__Lnvrram                                      nvrram       000000
__Lparam                                       rparam       000000
__Lpowerup                                     powerup      000000
__Lram                                         ram          000000
__Lramtop                                      ramtop       001000
__Lrbit                                        rbit         000000
__Lrbss                                        rbss         000000
__Lrdata                                       rdata        000000
__Lreset_vec                                   reset_vec    000000
__Lrparam                                      rparam       000000
__Lsfr                                         sfr          000000
__Lsmallconst                                  smallconst   001000
__Lspace_0                                     (abs)        000000
__Lspace_1                                     (abs)        000000
__Lspace_2                                     (abs)        000000
__Lspace_4                                     (abs)        000000
__Lstack                                       stack        000000
__Lstruct                                      struct       000000
__Ltemp                                        temp         000000
__Ltext                                        text         000000
__Ltext0                                       text0        000000
__Ltext1                                       text1        000000
__Ltext10                                      text10       000000
__Ltext11                                      text11       000000
__Ltext12                                      text12       000000
__Ltext13                                      text13       000000
__Ltext14                                      text14       000000
__Ltext15                                      text15       000000
__Ltext16                                      text16       000000
__Ltext17                                      text17       000000
__Ltext18                                      text18       000000
__Ltext19                                      text19       000000
__Ltext2                                       text2        000000
__Ltext20                                      text20       000000
__Ltext3                                       text3        000000
__Ltext4                                       text4        000000
__Ltext5                                       text5        000000
__Ltext6                                       text6        000000
__Ltext7                                       text7        000000
__Ltext8                                       text8        000000
__Ltext9                                       text9        000000
__S0                                           (abs)        0018F8
__S1                                           (abs)        000343
__S4                                           (abs)        000000
__S5                                           (abs)        000000
___heap_hi                                     (abs)        000000
___heap_lo                                     (abs)        000000
___inthi_sp                                    stack        000000
___intlo_sp                                    stack        000000
___param_bank                                  (abs)        000000
___rparam_used                                 (abs)        000001
___sp                                          stack        000000
___wmul                                        text1        00178C
___wmul@multiplicand                           cstackBANK0  00006C
___wmul@multiplier                             cstackBANK0  00006A
___wmul@product                                cstackCOMRAM 00004E
__accesstop                                    (abs)        000060
__activetblptr                                 (abs)        000003
__end_of_CLC2_Initialize                       text15       001810
__end_of_DMA1_DMASCNTI_ISR                     text17       00175E
__end_of_DMA1_DefaultInterruptHandler          text18       00156C
__end_of_DMA1_Initialize                       text13       001612
__end_of_DMA1_SetSCNTIInterruptHandler         text14       0018F4
__end_of_INTERRUPT_Initialize                  text12       0018F8
__end_of_INTERRUPT_InterruptManager            text16       00172E
__end_of_OSCILLATOR_Initialize                 text11       0018C6
__end_of_PIN_MANAGER_Initialize                text10       0016B4
__end_of_PMD_Initialize                        text9        00185E
__end_of_PWM5_Initialize                       text8        0018AE
__end_of_SPI1_Initialize                       text7        001896
__end_of_SYSTEM_Initialize                     text3        00178C
__end_of_SystemArbiter_Initialize              text6        0018EA
__end_of_TMR0_Initialize                       text5        0018DC
__end_of_TMR2_HasOverflowOccured               text2        0017E4
__end_of_TMR2_Initialize                       text4        00187C
__end_of___wmul                                text1        0017B8
__end_of__initialization                       cinit        0016EC
__end_of_main                                  text0        00146A
__end_of_spi1_configuration                    smallconst   001006
__end_ofi2___wmul                              text19       00183A
__initialization                               cinit        0016B4
__mediumconst                                  mediumconst  000000
__pbssBANK0                                    bssBANK0     000060
__pbssBIGRAM                                   bssBIGRAM    000073
__pbssCOMRAM                                   bssCOMRAM    000001
__pcinit                                       cinit        0016B4
__pcstackBANK0                                 cstackBANK0  00006A
__pcstackCOMRAM                                cstackCOMRAM 000040
__pivt0x8                                      ivt0x8       000008
__pnvCOMRAM                                    nvCOMRAM     000050
__psmallconst                                  smallconst   001000
__ptext0                                       text0        001008
__ptext1                                       text1        00178C
__ptext10                                      text10       001612
__ptext11                                      text11       0018AE
__ptext12                                      text12       0018F4
__ptext13                                      text13       00156C
__ptext14                                      text14       0018EA
__ptext15                                      text15       0017E4
__ptext16                                      text16       0016F2
__ptext17                                      text17       00172E
__ptext18                                      text18       00146A
__ptext19                                      text19       001810
__ptext2                                       text2        0017B8
__ptext20                                      text20       000000
__ptext3                                       text3        00175E
__ptext4                                       text4        00185E
__ptext5                                       text5        0018C6
__ptext6                                       text6        0018DC
__ptext7                                       text7        00187C
__ptext8                                       text8        001896
__ptext9                                       text9        00183A
__ramtop                                       ramtop       001000
__smallconst                                   smallconst   001000
_demo_length                                   bssCOMRAM    000037
_demo_state                                    bssCOMRAM    00003B
_int_state                                     bssCOMRAM    00003F
_l_blue                                        bssCOMRAM    00003C
_l_green                                       bssCOMRAM    00003E
_l_red                                         bssCOMRAM    00003D
_m_milli_sec_count                             bssCOMRAM    00002F
_m_milli_sec_time                              bssCOMRAM    000033
_main                                          text0        001008
end_of_initialization                          cinit        0016EC
i2___wmul                                      text19       001810
i2___wmul@multiplicand                         cstackCOMRAM 000042
i2___wmul@multiplier                           cstackCOMRAM 000040
i2___wmul@product                              cstackCOMRAM 000044
intlevel0                                      text         000000
intlevel1                                      text         000000
intlevel2                                      text         000000
intlevel3                                      text         000000
isa$std                                        (abs)        000001
isa$xinst                                      (abs)        000000
ivt0x8_base                                    ivt0x8       000008
main@ix                                        cstackBANK0  000071
main@m_calib_milli_sec                         cstackBANK0  00006F
stackhi                                        (abs)        000000
stacklo                                        (abs)        000000
start                                          init         00001A
start_initialization                           cinit        0016B4


MODULE INFORMATION

Module		Function		Class		Link	Load	Size
mcc_generated_files/tmr2.c
		_TMR2_Initialize		CODE           	185E	0000	30
		_TMR2_HasOverflowOccured		CODE           	17B8	0000	44

mcc_generated_files/tmr2.c estimated size: 74

mcc_generated_files/interrupt_manager.c
		_INTERRUPT_Initialize		CODE           	18F4	0000	4
		_INTERRUPT_InterruptManager		CODE           	16F2	0000	60

mcc_generated_files/interrupt_manager.c estimated size: 64

mcc_generated_files/tmr0.c
		_TMR0_Initialize		CODE           	18C6	0000	22

mcc_generated_files/tmr0.c estimated size: 22

mcc_generated_files/pin_manager.c
		_PIN_MANAGER_Initialize		CODE           	1612	0000	162

mcc_generated_files/pin_manager.c estimated size: 162

mcc_generated_files/spi1.c
		_SPI1_Initialize		CODE           	187C	0000	26

mcc_generated_files/spi1.c estimated size: 26

mcc_generated_files/clc2.c
		_CLC2_Initialize		CODE           	17E4	0000	44

mcc_generated_files/clc2.c estimated size: 44

mcc_generated_files/dma1.c
		_DMA1_Initialize		CODE           	156C	0000	166
		_DMA1_SetSCNTIInterruptHandler		CODE           	18EA	0000	10
		_DMA1_DefaultInterruptHandler		CODE           	146A	0000	258
		_DMA1_DMASCNTI_ISR		CODE           	172E	0000	48

mcc_generated_files/dma1.c estimated size: 482

shared
		i2___wmul      		CODE           	1810	0000	42
		__initialization		CODE           	16B4	0000	56
		_spi1_configuration		SMALLCONST     	0000	0000	0

shared estimated size: 98

mcc_generated_files/pwm5.c
		_PWM5_Initialize		CODE           	1896	0000	24

mcc_generated_files/pwm5.c estimated size: 24

mcc_generated_files/mcc.c
		_SystemArbiter_Initialize		CODE           	18DC	0000	14
		_PMD_Initialize		CODE           	183A	0000	36
		_OSCILLATOR_Initialize		CODE           	18AE	0000	24
		_SYSTEM_Initialize		CODE           	175E	0000	46

mcc_generated_files/mcc.c estimated size: 120

main.c
		_main          		CODE           	1008	0000	1122

main.c estimated size: 1122

C:\Program Files\Microchip\xc8\v2.36\pic\sources\c99\common\Umul16.c
		___wmul        		CODE           	178C	0000	44

C:\Program Files\Microchip\xc8\v2.36\pic\sources\c99\common\Umul16.c estimated size: 44

