Microchip MPLAB XC8 Compiler V2.36

Linker command line:

-W-3 --edf=C:\Program Files\Microchip\xc8\v2.36\pic\dat\en_msgs.txt \
  -pivt0x8=08h -cn -h+dist/default/production\ws_leds.production.sym \
  --cmf=dist/default/production\ws_leds.production.cmf -z -Q18F46K42 \
  -oC:\Users\m91221\AppData\Local\Temp\xcAsck.4 --defsym=__MPLAB_BUILD=1 \
  -Mdist/default/production/ws_leds.production.map \
  --md=C:\Users\m91221\AppData\Local\Temp\xcAsck.dat -E1 -ver=XC8 Compiler \
  --acfsm=1493 -ACODE=00h-0FFFFh -ACONST=00h-0FFFFh \
  -ASMALLCONST=01000h-010FFhx240 -AMEDIUMCONST=01000h-0FFFFh \
  -ACOMRAM=01h-05Fh -AABS1=00h-0FFFh -ABIGRAM=01h-0FFFh \
  -ARAM=060h-0FFh,0100h-01FFhx15 -ABANK0=060h-0FFh -ABANK1=0100h-01FFh \
  -ABANK2=0200h-02FFh -ABANK3=0300h-03FFh -ABANK4=0400h-04FFh \
  -ABANK5=0500h-05FFh -ABANK6=0600h-06FFh -ABANK7=0700h-07FFh \
  -ABANK8=0800h-08FFh -ABANK9=0900h-09FFh -ABANK10=0A00h-0AFFh \
  -ABANK11=0B00h-0BFFh -ABANK12=0C00h-0CFFh -ABANK13=0D00h-0DFFh \
  -ABANK14=0E00h-0EFFh -ABANK15=0F00h-0FFFh \
  -ASFR=03800h-038FFhx7,03F00h-03F5Fh,03F60h-03FFFh -ABIGSFR=03800h-03FFFh \
  -ACONFIG=0300000h-0300009h -AIDLOC=0200000h-020000Fh \
  -AEEDATA=0310000h-03103FFh -peeprom_data=EEDATA -preset_vec=00h \
  -ppowerup=CODE,init -pramtop=01000h -psmallconst=SMALLCONST \
  -pmediumconst=MEDIUMCONST -pconst=CONST -AFARRAM=00h-00h \
  -prdata=COMRAM,nvrram=COMRAM,nvbit=COMRAM,rbss=COMRAM,rbit=COMRAM \
  -pfarbss=FARRAM,fardata=FARRAM,nvFARRAM=FARRAM \
  -pintsave_regs=BIGRAM,bigbss=BIGRAM,bigdata=BIGRAM -pbss=RAM \
  -pidata=CODE,irdata=CODE,ibigdata=CODE,ifardata=CODE -prparam=COMRAM \
  C:\Users\m91221\AppData\Local\Temp\xcAsck.o \
  dist/default/production\ws_leds.production.o 

Object code version is 3.11

Machine type is 18F46K42



                Name                               Link     Load   Length Selector   Space Scale
C:\Users\m91221\AppData\Local\Temp\xcAsck.o
                idloc                            200000   200000       10        0       5
                config                           300000   300000        A        0       4
                init                                 1A       1A        4        4       0
                reset_vec                             0        0        4        0       0
dist/default/production\ws_leds.production.o
                idloc                            200000   200000       10        0       5
                config                           300000   300000        A        0       4
                smallconst                         1000     1000        8      800       0
                ivt0x8                                8        8       12        4       0
                text19                             1510     1510       2A      804       0
                text18                             117C     117C      102      804       0
                text17                             1430     1430       30      804       0
                text16                             13C2     13C2       3C      804       0
                text15                             14BA     14BA       2C      804       0
                text14                             15EA     15EA        A      804       0
                text13                             1320     1320       A2      804       0
                text12                             15F4     15F4        4      804       0
                text11                             15AE     15AE       18      804       0
                text10                             127E     127E       A2      804       0
                text9                              153A     153A       24      804       0
                text8                              1596     1596       18      804       0
                text7                              157C     157C       1A      804       0
                text6                              15DC     15DC        E      804       0
                text5                              15C6     15C6       16      804       0
                text4                              155E     155E       1E      804       0
                text3                              1460     1460       2E      804       0
                text2                              148E     148E       2C      804       0
                text1                              14E6     14E6       2A      804       0
                text0                              1008     1008      174      804       0
                cstackCOMRAM                         30       30       19        1       1
                bssBIGRAM                           D30      D30      2D0      D30       1
                bssCOMRAM                             1        1       2F        1       1
                cinit                              13FE     13FE       32      804       0
                nvCOMRAM                             49       49        2        1       1

TOTAL           Name                               Link     Load   Length     Space
        CLASS   CODE           
                init                                 1A       1A        4         0
                reset_vec                             0        0        4         0
                ivt0x8                                8        8       12         0
                text19                             1510     1510       2A         0
                text18                             117C     117C      102         0
                text17                             1430     1430       30         0
                text16                             13C2     13C2       3C         0
                text15                             14BA     14BA       2C         0
                text14                             15EA     15EA        A         0
                text13                             1320     1320       A2         0
                text12                             15F4     15F4        4         0
                text11                             15AE     15AE       18         0
                text10                             127E     127E       A2         0
                text9                              153A     153A       24         0
                text8                              1596     1596       18         0
                text7                              157C     157C       1A         0
                text6                              15DC     15DC        E         0
                text5                              15C6     15C6       16         0
                text4                              155E     155E       1E         0
                text3                              1460     1460       2E         0
                text2                              148E     148E       2C         0
                text1                              14E6     14E6       2A         0
                text0                              1008     1008      174         0
                cinit                              13FE     13FE       32         0

        CLASS   CONST          

        CLASS   SMALLCONST     
                smallconst                         1000     1000        8         0

        CLASS   MEDIUMCONST    

        CLASS   COMRAM         
                cstackCOMRAM                         30       30       19         1
                bssCOMRAM                             1        1       2F         1
                nvCOMRAM                             49       49        2         1

        CLASS   ABS1           

        CLASS   BIGRAM         
                bssBIGRAM                           D30      D30      2D0         1

        CLASS   RAM            

        CLASS   BANK0          

        CLASS   BANK1          

        CLASS   BANK2          

        CLASS   BANK3          

        CLASS   BANK4          

        CLASS   BANK5          

        CLASS   BANK6          

        CLASS   BANK7          

        CLASS   BANK8          

        CLASS   BANK9          

        CLASS   BANK10         

        CLASS   BANK11         

        CLASS   BANK12         

        CLASS   BANK13         

        CLASS   BANK14         

        CLASS   BANK15         

        CLASS   SFR            

        CLASS   BIGSFR         

        CLASS   CONFIG         
                config                           300000   300000        A         4

        CLASS   IDLOC          
                idloc                            200000   200000       10         5

        CLASS   EEDATA         

        CLASS   FARRAM         

        CLASS   HEAP           

        CLASS   STACK          



SEGMENTS        Name                           Load    Length   Top    Selector   Space  Class

                reset_vec                      000000  000004  000004         0       0  CODE    
                bssCOMRAM                      000001  00004A  00004B         1       1  COMRAM  
                ivt0x8                         000008  000016  00001E         4       0  CODE    
                bssBIGRAM                      000D30  0002D0  001000       D30       1  BIGRAM  
                smallconst                     001000  000008  001008       800       0  SMALLCON
                text0                          001008  0005F0  0015F8       804       0  CODE    


UNUSED ADDRESS RANGES

        Name                Unused          Largest block    Delta
        BANK0            000060-0000FF               A0
        BANK1            000100-0001FF              100
        BANK10           000A00-000AFF              100
        BANK11           000B00-000BFF              100
        BANK12           000C00-000CFF              100
        BANK13           000D00-000D2F               30
        BANK2            000200-0002FF              100
        BANK3            000300-0003FF              100
        BANK4            000400-0004FF              100
        BANK5            000500-0005FF              100
        BANK6            000600-0006FF              100
        BANK7            000700-0007FF              100
        BANK8            000800-0008FF              100
        BANK9            000900-0009FF              100
        BIGRAM           00004B-000D2F              CE5
        BIGSFR           003800-003FFF              800
        CODE             000004-000007                4
                         00001E-000FFF              FE2
                         0015F8-00FFFF             EA08
        COMRAM           00004B-00005F               15
        CONST            000004-000007                4
                         00001E-000FFF              FE2
                         0015F8-00FFFF             EA08
        EEDATA           310000-3103FF              400
        MEDIUMCONST      0015F8-00FFFF             EA08
        RAM              000060-000D2F              100
        SFR              003800-003FFF              100
        SMALLCONST       0015F8-00FFFF              100

                                  Symbol Table

?___wmul                                       cstackCOMRAM 00003E
?i2___wmul                                     cstackCOMRAM 000030
DMA1_DefaultInterruptHandler@check             cstackCOMRAM 000038
DMA1_DefaultInterruptHandler@dma_size          cstackCOMRAM 00003A
DMA1_DefaultInterruptHandler@led_index         bssCOMRAM    000029
DMA1_SetSCNTIInterruptHandler@InterruptHandler cstackCOMRAM 00003E
IVTBASEH                                       (abs)        003FD6
IVTBASEL                                       (abs)        003FD5
IVTBASEU                                       (abs)        003FD7
TMR2_HasOverflowOccured@status                 cstackCOMRAM 00003E
_ANSELA                                        (abs)        003A40
_ANSELB                                        (abs)        003A50
_ANSELC                                        (abs)        003A60
_ANSELD                                        (abs)        003A70
_ANSELE                                        (abs)        003A80
_Ball_1                                        bssCOMRAM    000001
_CCPTMRS1bits                                  (abs)        003F5F
_CLC2CON                                       (abs)        003C6A
_CLC2GLS0                                      (abs)        003C70
_CLC2GLS1                                      (abs)        003C71
_CLC2GLS2                                      (abs)        003C72
_CLC2GLS3                                      (abs)        003C73
_CLC2POL                                       (abs)        003C6B
_CLC2SEL0                                      (abs)        003C6C
_CLC2SEL1                                      (abs)        003C6D
_CLC2SEL2                                      (abs)        003C6E
_CLC2SEL3                                      (abs)        003C6F
_CLC2_Initialize                               text15       0014BA
_CLCIN0PPS                                     (abs)        003AD9
_DMA1AIRQ                                      (abs)        003BFE
_DMA1CON0                                      (abs)        003BFC
_DMA1CON0bits                                  (abs)        003BFC
_DMA1CON1bits                                  (abs)        003BFD
_DMA1DSA                                       (abs)        003BF0
_DMA1DSZ                                       (abs)        003BEE
_DMA1PR                                        (abs)        0039F3
_DMA1SIRQ                                      (abs)        003BFF
_DMA1SSA                                       (abs)        003BF9
_DMA1SSZ                                       (abs)        003BF7
_DMA1_DMASCNTI_ISR                             text17       001430
_DMA1_DefaultInterruptHandler                  text18       00117C
_DMA1_Initialize                               text13       001320
_DMA1_SCNTI_InterruptHandler                   nvCOMRAM     000049
_DMA1_SetSCNTIInterruptHandler                 text14       0015EA
_DMA2PR                                        (abs)        0039F4
_DstVarName0                                   bssCOMRAM    00000B
_INLVLA                                        (abs)        003A44
_INLVLB                                        (abs)        003A54
_INLVLC                                        (abs)        003A64
_INLVLD                                        (abs)        003A74
_INLVLE                                        (abs)        003A84
_INTCON0bits                                   (abs)        003FD2
_INTERRUPT_Initialize                          text12       0015F4
_INTERRUPT_InterruptManager                    text16       0013C2
_ISRPR                                         (abs)        0039F1
_LATA                                          (abs)        003FBA
_LATB                                          (abs)        003FBB
_LATC                                          (abs)        003FBC
_LATCbits                                      (abs)        003FBC
_LATD                                          (abs)        003FBD
_LATE                                          (abs)        003FBE
_MAINPR                                        (abs)        0039F2
_ODCONA                                        (abs)        003A42
_ODCONB                                        (abs)        003A52
_ODCONC                                        (abs)        003A62
_ODCOND                                        (abs)        003A72
_ODCONE                                        (abs)        003A82
_OSCCON1                                       (abs)        0039D9
_OSCCON3                                       (abs)        0039DB
_OSCEN                                         (abs)        0039DD
_OSCFRQ                                        (abs)        0039DF
_OSCILLATOR_Initialize                         text11       0015AE
_OSCTUNE                                       (abs)        0039DE
_PIE2bits                                      (abs)        003992
_PIN_MANAGER_Initialize                        text10       00127E
_PIR2bits                                      (abs)        0039A2
_PIR3bits                                      (abs)        0039A3
_PIR4bits                                      (abs)        0039A4
_PMD0                                          (abs)        0039C0
_PMD1                                          (abs)        0039C1
_PMD2                                          (abs)        0039C2
_PMD3                                          (abs)        0039C3
_PMD4                                          (abs)        0039C4
_PMD5                                          (abs)        0039C5
_PMD6                                          (abs)        0039C6
_PMD7                                          (abs)        0039C7
_PMD_Initialize                                text9        00153A
_PRLOCK                                        (abs)        0039EF
_PRLOCKbits                                    (abs)        0039EF
_PWM5CON                                       (abs)        003F6E
_PWM5DCH                                       (abs)        003F6D
_PWM5DCL                                       (abs)        003F6C
_PWM5_Initialize                               text8        001596
_RB1I2C                                        (abs)        003A5A
_RB2I2C                                        (abs)        003A5B
_RC0PPS                                        (abs)        003A10
_RC3I2C                                        (abs)        003A6A
_RC3PPS                                        (abs)        003A13
_RC4I2C                                        (abs)        003A6B
_RD0I2C                                        (abs)        003A7A
_RD1I2C                                        (abs)        003A7B
_SCANPR                                        (abs)        0039F7
_SLRCONA                                       (abs)        003A43
_SLRCONB                                       (abs)        003A53
_SLRCONC                                       (abs)        003A63
_SLRCOND                                       (abs)        003A73
_SLRCONE                                       (abs)        003A83
_SPI1BAUD                                      (abs)        003D19
_SPI1CLK                                       (abs)        003D1C
_SPI1CON0                                      (abs)        003D14
_SPI1CON1                                      (abs)        003D15
_SPI1CON2                                      (abs)        003D16
_SPI1INTFbits                                  (abs)        003D1A
_SPI1SCKPPS                                    (abs)        003ADE
_SPI1SDIPPS                                    (abs)        003ADF
_SPI1TXB                                       (abs)        003D11
_SPI1_Initialize                               text7        00157C
_SYSTEM_Initialize                             text3        001460
_SrcVarName0                                   bssCOMRAM    000015
_Stripe                                        bssBIGRAM    000D30
_SystemArbiter_Initialize                      text6        0015DC
_T0CON0                                        (abs)        003FB8
_T0CON1                                        (abs)        003FB9
_T2CLKCON                                      (abs)        003FAE
_T2CON                                         (abs)        003FAC
_T2HLT                                         (abs)        003FAD
_T2PR                                          (abs)        003FAB
_T2RST                                         (abs)        003FAF
_T2TMR                                         (abs)        003FAA
_TMR0H                                         (abs)        003FB7
_TMR0L                                         (abs)        003FB6
_TMR0_Initialize                               text5        0015C6
_TMR2_HasOverflowOccured                       text2        00148E
_TMR2_Initialize                               text4        00155E
_TRISA                                         (abs)        003FC2
_TRISB                                         (abs)        003FC3
_TRISC                                         (abs)        003FC4
_TRISCbits                                     (abs)        003FC4
_TRISD                                         (abs)        003FC5
_TRISE                                         (abs)        003FC6
_WPUA                                          (abs)        003A41
_WPUB                                          (abs)        003A51
_WPUC                                          (abs)        003A61
_WPUD                                          (abs)        003A71
_WPUE                                          (abs)        003A81
__HRAM                                         (abs)        000000
__Habs1                                        abs1         000000
__Hbank0                                       bank0        000000
__Hbank1                                       bank1        000000
__Hbank10                                      bank10       000000
__Hbank11                                      bank11       000000
__Hbank12                                      bank12       000000
__Hbank13                                      bank13       000000
__Hbank14                                      bank14       000000
__Hbank15                                      bank15       000000
__Hbank2                                       bank2        000000
__Hbank3                                       bank3        000000
__Hbank4                                       bank4        000000
__Hbank5                                       bank5        000000
__Hbank6                                       bank6        000000
__Hbank7                                       bank7        000000
__Hbank8                                       bank8        000000
__Hbank9                                       bank9        000000
__Hbigbss                                      bigbss       000000
__Hbigdata                                     bigdata      000000
__Hbigram                                      bigram       000000
__Hbigsfr                                      bigsfr       000000
__Hbss                                         bss          000000
__HbssBIGRAM                                   bssBIGRAM    000000
__HbssCOMRAM                                   bssCOMRAM    000000
__Hcinit                                       cinit        000000
__Hclrtext                                     clrtext      000000
__Hcomram                                      comram       000000
__Hconfig                                      config       30000A
__Hconst                                       const        000000
__HcstackCOMRAM                                cstackCOMRAM 000000
__Hdata                                        data         000000
__Heeprom_data                                 eeprom_data  000000
__Hfarbss                                      farbss       000000
__Hfardata                                     fardata      000000
__Hheap                                        heap         000000
__Hibigdata                                    ibigdata     000000
__Hidata                                       idata        000000
__Hidloc                                       idloc        200010
__Hifardata                                    ifardata     000000
__Hinit                                        init         00001E
__Hintsave_regs                                intsave_regs 000000
__Hirdata                                      irdata       000000
__Hivt0x8                                      ivt0x8       00001A
__Hmediumconst                                 mediumconst  000000
__HnvCOMRAM                                    nvCOMRAM     000000
__HnvFARRAM                                    nvFARRAM     000000
__Hnvbit                                       nvbit        000000
__Hnvrram                                      nvrram       000000
__Hparam                                       rparam       000000
__Hpowerup                                     powerup      000000
__Hram                                         ram          000000
__Hramtop                                      ramtop       001000
__Hrbit                                        rbit         000000
__Hrbss                                        rbss         000000
__Hrdata                                       rdata        000000
__Hreset_vec                                   reset_vec    000004
__Hrparam                                      rparam       000000
__Hsfr                                         sfr          000000
__Hsmallconst                                  smallconst   001008
__Hspace_0                                     (abs)        0015F8
__Hspace_1                                     (abs)        001000
__Hspace_2                                     (abs)        000000
__Hspace_4                                     (abs)        60000A
__Hstack                                       stack        000000
__Hstruct                                      struct       000000
__Htemp                                        temp         000000
__Htext                                        text         000000
__Htext0                                       text0        000000
__Htext1                                       text1        000000
__Htext10                                      text10       000000
__Htext11                                      text11       000000
__Htext12                                      text12       000000
__Htext13                                      text13       000000
__Htext14                                      text14       000000
__Htext15                                      text15       000000
__Htext16                                      text16       000000
__Htext17                                      text17       000000
__Htext18                                      text18       000000
__Htext19                                      text19       000000
__Htext2                                       text2        000000
__Htext20                                      text20       000000
__Htext3                                       text3        000000
__Htext4                                       text4        000000
__Htext5                                       text5        000000
__Htext6                                       text6        000000
__Htext7                                       text7        000000
__Htext8                                       text8        000000
__Htext9                                       text9        000000
__LRAM                                         (abs)        000001
__Labs1                                        abs1         000000
__Lbank0                                       bank0        000000
__Lbank1                                       bank1        000000
__Lbank10                                      bank10       000000
__Lbank11                                      bank11       000000
__Lbank12                                      bank12       000000
__Lbank13                                      bank13       000000
__Lbank14                                      bank14       000000
__Lbank15                                      bank15       000000
__Lbank2                                       bank2        000000
__Lbank3                                       bank3        000000
__Lbank4                                       bank4        000000
__Lbank5                                       bank5        000000
__Lbank6                                       bank6        000000
__Lbank7                                       bank7        000000
__Lbank8                                       bank8        000000
__Lbank9                                       bank9        000000
__Lbigbss                                      bigbss       000000
__Lbigdata                                     bigdata      000000
__Lbigram                                      bigram       000000
__Lbigsfr                                      bigsfr       000000
__Lbss                                         bss          000000
__LbssBIGRAM                                   bssBIGRAM    000000
__LbssCOMRAM                                   bssCOMRAM    000000
__Lcinit                                       cinit        000000
__Lclrtext                                     clrtext      000000
__Lcomram                                      comram       000000
__Lconfig                                      config       000000
__Lconst                                       const        000000
__LcstackCOMRAM                                cstackCOMRAM 000000
__Ldata                                        data         000000
__Leeprom_data                                 eeprom_data  000000
__Lfarbss                                      farbss       000000
__Lfardata                                     fardata      000000
__Lheap                                        heap         000000
__Libigdata                                    ibigdata     000000
__Lidata                                       idata        000000
__Lidloc                                       idloc        000000
__Lifardata                                    ifardata     000000
__Linit                                        init         00001A
__Lintsave_regs                                intsave_regs 000000
__Lirdata                                      irdata       000000
__Livt0x8                                      ivt0x8       000008
__Lmediumconst                                 mediumconst  000000
__LnvCOMRAM                                    nvCOMRAM     000000
__LnvFARRAM                                    nvFARRAM     000000
__Lnvbit                                       nvbit        000000
__Lnvrram                                      nvrram       000000
__Lparam                                       rparam       000000
__Lpowerup                                     powerup      000000
__Lram                                         ram          000000
__Lramtop                                      ramtop       001000
__Lrbit                                        rbit         000000
__Lrbss                                        rbss         000000
__Lrdata                                       rdata        000000
__Lreset_vec                                   reset_vec    000000
__Lrparam                                      rparam       000000
__Lsfr                                         sfr          000000
__Lsmallconst                                  smallconst   001000
__Lspace_0                                     (abs)        000000
__Lspace_1                                     (abs)        000000
__Lspace_2                                     (abs)        000000
__Lspace_4                                     (abs)        000000
__Lstack                                       stack        000000
__Lstruct                                      struct       000000
__Ltemp                                        temp         000000
__Ltext                                        text         000000
__Ltext0                                       text0        000000
__Ltext1                                       text1        000000
__Ltext10                                      text10       000000
__Ltext11                                      text11       000000
__Ltext12                                      text12       000000
__Ltext13                                      text13       000000
__Ltext14                                      text14       000000
__Ltext15                                      text15       000000
__Ltext16                                      text16       000000
__Ltext17                                      text17       000000
__Ltext18                                      text18       000000
__Ltext19                                      text19       000000
__Ltext2                                       text2        000000
__Ltext20                                      text20       000000
__Ltext3                                       text3        000000
__Ltext4                                       text4        000000
__Ltext5                                       text5        000000
__Ltext6                                       text6        000000
__Ltext7                                       text7        000000
__Ltext8                                       text8        000000
__Ltext9                                       text9        000000
__S0                                           (abs)        0015F8
__S1                                           (abs)        001000
__S4                                           (abs)        000000
__S5                                           (abs)        000000
___heap_hi                                     (abs)        000000
___heap_lo                                     (abs)        000000
___inthi_sp                                    stack        000000
___intlo_sp                                    stack        000000
___param_bank                                  (abs)        000000
___rparam_used                                 (abs)        000001
___sp                                          stack        000000
___wmul                                        text1        0014E6
___wmul@multiplicand                           cstackCOMRAM 000040
___wmul@multiplier                             cstackCOMRAM 00003E
___wmul@product                                cstackCOMRAM 000042
__accesstop                                    (abs)        000060
__activetblptr                                 (abs)        000003
__end_of_CLC2_Initialize                       text15       0014E6
__end_of_DMA1_DMASCNTI_ISR                     text17       001460
__end_of_DMA1_DefaultInterruptHandler          text18       00127E
__end_of_DMA1_Initialize                       text13       0013C2
__end_of_DMA1_SetSCNTIInterruptHandler         text14       0015F4
__end_of_INTERRUPT_Initialize                  text12       0015F8
__end_of_INTERRUPT_InterruptManager            text16       0013FE
__end_of_OSCILLATOR_Initialize                 text11       0015C6
__end_of_PIN_MANAGER_Initialize                text10       001320
__end_of_PMD_Initialize                        text9        00155E
__end_of_PWM5_Initialize                       text8        0015AE
__end_of_SPI1_Initialize                       text7        001596
__end_of_SYSTEM_Initialize                     text3        00148E
__end_of_SystemArbiter_Initialize              text6        0015EA
__end_of_TMR0_Initialize                       text5        0015DC
__end_of_TMR2_HasOverflowOccured               text2        0014BA
__end_of_TMR2_Initialize                       text4        00157C
__end_of___wmul                                text1        001510
__end_of__initialization                       cinit        00142A
__end_of_main                                  text0        00117C
__end_of_spi1_configuration                    smallconst   001006
__end_ofi2___wmul                              text19       00153A
__initialization                               cinit        0013FE
__mediumconst                                  mediumconst  000000
__pbssBIGRAM                                   bssBIGRAM    000D30
__pbssCOMRAM                                   bssCOMRAM    000001
__pcinit                                       cinit        0013FE
__pcstackCOMRAM                                cstackCOMRAM 000030
__pivt0x8                                      ivt0x8       000008
__pnvCOMRAM                                    nvCOMRAM     000049
__psmallconst                                  smallconst   001000
__ptext0                                       text0        001008
__ptext1                                       text1        0014E6
__ptext10                                      text10       00127E
__ptext11                                      text11       0015AE
__ptext12                                      text12       0015F4
__ptext13                                      text13       001320
__ptext14                                      text14       0015EA
__ptext15                                      text15       0014BA
__ptext16                                      text16       0013C2
__ptext17                                      text17       001430
__ptext18                                      text18       00117C
__ptext19                                      text19       001510
__ptext2                                       text2        00148E
__ptext20                                      text20       000000
__ptext3                                       text3        001460
__ptext4                                       text4        00155E
__ptext5                                       text5        0015C6
__ptext6                                       text6        0015DC
__ptext7                                       text7        00157C
__ptext8                                       text8        001596
__ptext9                                       text9        00153A
__ramtop                                       ramtop       001000
__smallconst                                   smallconst   001000
_demo_length                                   bssCOMRAM    000027
_demo_state                                    bssCOMRAM    00002B
_int_state                                     bssCOMRAM    00002F
_l_blue                                        bssCOMRAM    00002C
_l_green                                       bssCOMRAM    00002E
_l_red                                         bssCOMRAM    00002D
_m_milli_sec_count                             bssCOMRAM    00001F
_m_milli_sec_time                              bssCOMRAM    000023
_main                                          text0        001008
end_of_initialization                          cinit        00142A
i2___wmul                                      text19       001510
i2___wmul@multiplicand                         cstackCOMRAM 000032
i2___wmul@multiplier                           cstackCOMRAM 000030
i2___wmul@product                              cstackCOMRAM 000034
intlevel0                                      text         000000
intlevel1                                      text         000000
intlevel2                                      text         000000
intlevel3                                      text         000000
isa$std                                        (abs)        000001
isa$xinst                                      (abs)        000000
ivt0x8_base                                    ivt0x8       000008
main@ix                                        cstackCOMRAM 000047
main@m_calib_milli_sec                         cstackCOMRAM 000045
stackhi                                        (abs)        000000
stacklo                                        (abs)        000000
start                                          init         00001A
start_initialization                           cinit        0013FE


MODULE INFORMATION

Module		Function		Class		Link	Load	Size
mcc_generated_files/tmr2.c
		_TMR2_Initialize		CODE           	155E	0000	30
		_TMR2_HasOverflowOccured		CODE           	148E	0000	44

mcc_generated_files/tmr2.c estimated size: 74

mcc_generated_files/interrupt_manager.c
		_INTERRUPT_Initialize		CODE           	15F4	0000	4
		_INTERRUPT_InterruptManager		CODE           	13C2	0000	60

mcc_generated_files/interrupt_manager.c estimated size: 64

mcc_generated_files/tmr0.c
		_TMR0_Initialize		CODE           	15C6	0000	22

mcc_generated_files/tmr0.c estimated size: 22

mcc_generated_files/pin_manager.c
		_PIN_MANAGER_Initialize		CODE           	127E	0000	162

mcc_generated_files/pin_manager.c estimated size: 162

mcc_generated_files/spi1.c
		_SPI1_Initialize		CODE           	157C	0000	26

mcc_generated_files/spi1.c estimated size: 26

mcc_generated_files/clc2.c
		_CLC2_Initialize		CODE           	14BA	0000	44

mcc_generated_files/clc2.c estimated size: 44

mcc_generated_files/dma1.c
		_DMA1_Initialize		CODE           	1320	0000	162
		_DMA1_SetSCNTIInterruptHandler		CODE           	15EA	0000	10
		_DMA1_DefaultInterruptHandler		CODE           	117C	0000	258
		_DMA1_DMASCNTI_ISR		CODE           	1430	0000	48

mcc_generated_files/dma1.c estimated size: 478

shared
		i2___wmul      		CODE           	1510	0000	42
		__initialization		CODE           	13FE	0000	44
		_spi1_configuration		SMALLCONST     	0000	0000	0

shared estimated size: 86

mcc_generated_files/pwm5.c
		_PWM5_Initialize		CODE           	1596	0000	24

mcc_generated_files/pwm5.c estimated size: 24

mcc_generated_files/mcc.c
		_SystemArbiter_Initialize		CODE           	15DC	0000	14
		_PMD_Initialize		CODE           	153A	0000	36
		_OSCILLATOR_Initialize		CODE           	15AE	0000	24
		_SYSTEM_Initialize		CODE           	1460	0000	46

mcc_generated_files/mcc.c estimated size: 120

main.c
		_main          		CODE           	1008	0000	372

main.c estimated size: 372

C:\Program Files\Microchip\xc8\v2.36\pic\sources\c99\common\Umul16.c
		___wmul        		CODE           	14E6	0000	42

C:\Program Files\Microchip\xc8\v2.36\pic\sources\c99\common\Umul16.c estimated size: 42

